   0 : 03 -  0 -  0 - [ 0]
   1 : 02 -  0 -  1 - [ 0]
   2 : 00 -  0 -  2 - [ 1]
   3 : 10 -  0 -  2 - [ 1]
