   0 : 23 - -1 -  0 - []
   1 : 03 - -1 -  0 - []
   2 : 12 - -1 -  1 - [ 1 0]
   3 : 02 - -1 -  1 - [ 1]
   4 : 00 - -1 -  2 - [ 3 2]
