   0 : 22 - -1 -  1 - [ 0]
   1 : 12 - -1 -  2 - [ 2 0]
   2 : 02 - -1 -  1 - [ 2]
   3 : 00 - -1 -  2 - [ 2 1]
