   0 : 01 - -1 -  1 - [ 0]
   1 : 11 - -1 -  2 - [ 0]
   2 : 00 - -1 -  2 - [ 0 1]
   3 : 10 - -1 -  3 - [ 2 1]
