   0 : 11 - -1 -  0 - []
   1 : 01 - -1 -  0 - []
   2 : 10 - -1 -  1 - [ 1 0]
