   0 : 11 -  0 -  1 - [ 1 0]
   1 (init) : 00 -  0 -  1 - [ 1 0]
   2 (init) : 10 -  0 -  1 - [ 1 0]
