   0 : 10 -  0 -  1 - [ 1 2]
   1 : 00 -  0 -  1 - [ 1 2]
   2 : 11 -  1 -  1 - [ 1 0]
